[INFO] Scanning for projects...
[INFO] 
[INFO] ------------------------< com.lumeria:backend >-------------------------
[INFO] Building lumeria Backend 0.0.1-SNAPSHOT
[INFO]   from pom.xml
[INFO] --------------------------------[ jar ]---------------------------------
[INFO] 
[INFO] --- resources:3.3.1:resources (default-resources) @ backend ---
[INFO] skip non existing resourceDirectory E:\DSE Capstone\backend\src\main\resources
[INFO] skip non existing resourceDirectory E:\DSE Capstone\backend\src\main\resources
[INFO] 
[INFO] --- compiler:3.13.0:compile (default-compile) @ backend ---
[INFO] Recompiling the module because of changed source code.
[INFO] Compiling 12 source files with javac [debug parameters release 17] to target\classes
[INFO] -------------------------------------------------------------
[ERROR] COMPILATION ERROR : 
[INFO] -------------------------------------------------------------
[ERROR] /E:/DSE Capstone/backend/src/main/java/com/lumeria/service/JournalManager.java:[31,27] cannot find symbol
  symbol:   method getId()
  location: variable entry of type com.lumeria.model.JournalEntry
[ERROR] /E:/DSE Capstone/backend/src/main/java/com/lumeria/service/JournalManager.java:[41,18] cannot find symbol
  symbol:   method getTitle()
  location: variable entry of type com.lumeria.model.JournalEntry
[ERROR] /E:/DSE Capstone/backend/src/main/java/com/lumeria/service/JournalManager.java:[41,68] cannot find symbol
  symbol:   method getTitle()
  location: variable entry of type com.lumeria.model.JournalEntry
[ERROR] /E:/DSE Capstone/backend/src/main/java/com/lumeria/service/JournalManager.java:[42,18] cannot find symbol
  symbol:   method getTags()
  location: variable entry of type com.lumeria.model.JournalEntry
[ERROR] /E:/DSE Capstone/backend/src/main/java/com/lumeria/service/JournalManager.java:[43,36] cannot find symbol
  symbol:   method getTags()
  location: variable entry of type com.lumeria.model.JournalEntry
[INFO] 5 errors 
[INFO] -------------------------------------------------------------
[INFO] ------------------------------------------------------------------------
[INFO] BUILD FAILURE
[INFO] ------------------------------------------------------------------------
[INFO] Total time:  3.997 s
[INFO] Finished at: 2026-03-28T16:59:37+05:30
[INFO] ------------------------------------------------------------------------
[ERROR] Failed to execute goal org.apache.maven.plugins:maven-compiler-plugin:3.13.0:compile (default-compile) on project backend: Compilation failure: Compilation failure: 
[ERROR] /E:/DSE Capstone/backend/src/main/java/com/lumeria/service/JournalManager.java:[31,27] cannot find symbol
[ERROR]   symbol:   method getId()
[ERROR]   location: variable entry of type com.lumeria.model.JournalEntry
[ERROR] /E:/DSE Capstone/backend/src/main/java/com/lumeria/service/JournalManager.java:[41,18] cannot find symbol
[ERROR]   symbol:   method getTitle()
[ERROR]   location: variable entry of type com.lumeria.model.JournalEntry
[ERROR] /E:/DSE Capstone/backend/src/main/java/com/lumeria/service/JournalManager.java:[41,68] cannot find symbol
[ERROR]   symbol:   method getTitle()
[ERROR]   location: variable entry of type com.lumeria.model.JournalEntry
[ERROR] /E:/DSE Capstone/backend/src/main/java/com/lumeria/service/JournalManager.java:[42,18] cannot find symbol
[ERROR]   symbol:   method getTags()
[ERROR]   location: variable entry of type com.lumeria.model.JournalEntry
[ERROR] /E:/DSE Capstone/backend/src/main/java/com/lumeria/service/JournalManager.java:[43,36] cannot find symbol
[ERROR]   symbol:   method getTags()
[ERROR]   location: variable entry of type com.lumeria.model.JournalEntry
[ERROR] -> [Help 1]
[ERROR] 
[ERROR] To see the full stack trace of the errors, re-run Maven with the -e switch.
[ERROR] Re-run Maven using the -X switch to enable full debug logging.
[ERROR] 
[ERROR] For more information about the errors and possible solutions, please read the following articles:
[ERROR] [Help 1] http://cwiki.apache.org/confluence/display/MAVEN/MojoFailureException
